\BOOKMARK [0][-]{section*.3}{\376\377\221\321\207\215\123\326\137\025\060\150\221\321\207\215\136\002\130\064}{}% 1
\BOOKMARK [1][-]{section*.4}{\376\377\221\321\207\215}{section*.3}% 2
\BOOKMARK [2][-]{section*.5}{\376\377\221\321\207\215\060\150\060\157\117\125\060\113}{section*.4}% 3
\BOOKMARK [2][-]{section*.6}{\376\377\166\364\143\245\221\321\207\215\060\150\225\223\143\245\221\321\207\215}{section*.4}% 4
\BOOKMARK [2][-]{section*.7}{\376\377\142\225\214\307\133\266\000,\221\321\207\215\152\137\225\242\000,\116\213\151\155\117\032\171\076}{section*.4}% 5
\BOOKMARK [1][-]{section*.8}{\376\377\214\307\221\321\212\277\220\124}{section*.3}% 6
\BOOKMARK [2][-]{section*.9}{\376\377\166\364\143\245\221\321\207\215\060\153\060\112\060\121\060\213\214\307\221\321\212\277\220\124\000:\147\011\117\241\212\074\122\070}{section*.8}% 7
\BOOKMARK [3][-]{section*.10}{\376\377\120\265\122\070}{section*.9}% 8
\BOOKMARK [3][-]{section*.11}{\376\377\150\052\137\017}{section*.9}% 9
\BOOKMARK [2][-]{section*.12}{\376\377\225\223\143\245\221\321\207\215\060\153\060\112\060\121\060\213\214\307\221\321\212\277\220\124\000:\222\200\210\114\120\037\121\145}{section*.8}% 10
\BOOKMARK [3][-]{section*.13}{\376\377\230\020\221\321\000:\222\200\210\114\060\156\214\307\221\321\212\277\220\124}{section*.12}% 11
\BOOKMARK [1][-]{section*.14}{\376\377\212\074\122\070\136\002\130\064}{section*.3}% 12
\BOOKMARK [2][-]{section*.15}{\376\377\143\242\175\042\060\263\060\271\060\310\060\156\117\116\156\033}{section*.14}% 13
\BOOKMARK [2][-]{section*.16}{\376\377\212\074\122\070\136\002\130\064\060\156\137\142\141\113}{section*.14}% 14
\BOOKMARK [2][-]{section*.17}{\376\377\120\265\122\070\136\002\130\064}{section*.14}% 15
\BOOKMARK [2][-]{section*.18}{\376\377\150\052\137\017\136\002\130\064}{section*.14}% 16
\BOOKMARK [3][-]{section*.19}{\376\377\147\161\212\074\060\156\136\002\130\064\123\072\122\006\131\011\146\364}{section*.18}% 17
\BOOKMARK [2][-]{section*.20}{\376\377\155\101\122\325\140\047\060\150\212\074\122\070\123\026}{section*.14}% 18
\BOOKMARK [0][-]{section*.21}{\376\377\060\255\060\343\060\303\060\267\060\345\060\325\060\355\060\374\060\150\146\102\225\223\117\241\120\044}{}% 19
\BOOKMARK [1][-]{section*.22}{\376\377\120\265\122\070}{section*.21}% 20
\BOOKMARK [2][-]{section*.23}{\376\377\120\265\122\070\060\156\060\255\060\374\060\357\060\374\060\311}{section*.22}% 21
\BOOKMARK [2][-]{section*.24}{\376\377\060\255\060\343\060\303\060\267\060\345\060\325\060\355\060\374\060\153\060\210\060\213\122\006\230\136}{section*.22}% 22
\BOOKMARK [2][-]{section*.25}{\376\377\166\172\210\114\117\123\060\153\060\210\060\213\122\006\230\136}{section*.22}% 23
\BOOKMARK [2][-]{section*.26}{\376\377\060\255\060\343\060\303\060\267\060\345\060\325\060\355\060\374\060\156\126\363\171\072}{section*.22}% 24
\BOOKMARK [2][-]{section*.27}{\376\377\126\372\133\232\122\051\116\330\120\265\060\156\060\255\060\343\060\303\060\267\060\345\060\325\060\355\060\374}{section*.22}% 25
\BOOKMARK [2][-]{section*.28}{\376\377\131\011\122\325\122\051\116\330\120\265\060\156\060\255\060\343\060\303\060\267\060\345\060\325\060\355\060\374}{section*.22}% 26
\BOOKMARK [1][-]{section*.29}{\376\377\146\102\225\223\000,\117\241\120\044\000,\122\051\126\336\060\212}{section*.21}% 27
\BOOKMARK [2][-]{section*.30}{\376\377\163\376\127\050\117\241\120\044\060\156\200\003\060\110\145\271}{section*.29}% 28
\BOOKMARK [2][-]{section*.31}{\376\377\122\051\126\336\060\212}{section*.29}% 29
\BOOKMARK [2][-]{section*.32}{\376\377\121\215\142\225\214\307\060\150\163\376\127\050\117\241\120\044}{section*.29}% 30
\BOOKMARK [2][-]{section*.33}{\376\377\122\051\140\157\060\222\121\215\142\225\214\307\060\127\060\152\060\104\130\064\124\010\060\150\060\131\060\213\130\064\124\010}{section*.29}% 31
\BOOKMARK [2][-]{section*.36}{\376\377\123\130\122\051\060\150\211\007\122\051}{section*.29}% 32
\BOOKMARK [2][-]{section*.37}{\376\377\211\007\122\051\060\153\060\210\060\213\175\102\117\241\060\150\163\376\117\241}{section*.29}% 33
\BOOKMARK [2][-]{section*.38}{\376\377\220\043\175\232\211\007\122\051}{section*.29}% 34
\BOOKMARK [2][-]{section*.39}{\376\377\145\164\164\006\000:\163\376\117\241\060\373\175\102\117\241\060\373\122\051\126\336\060\212}{section*.29}% 35
\BOOKMARK [2][-]{section*.40}{\376\377\000n\000\040\136\164\225\223\060\156\163\376\117\241\060\373\175\102\117\241}{section*.29}% 36
\BOOKMARK [1][-]{section*.41}{\376\377\170\272\133\232\166\204\060\152\060\255\060\343\060\303\060\267\060\345\060\325\060\355\060\374\060\156\117\241\120\044}{section*.21}% 37
\BOOKMARK [2][-]{section*.42}{\376\377\200\003\060\110\145\271\000:\122\006\211\343\060\150\175\332\137\142\124\214}{section*.41}% 38
\BOOKMARK [2][-]{section*.43}{\376\377\163\376\117\241\000,\175\102\117\241\000,\211\007\122\051\122\051\126\336\060\212\060\156\225\242\117\302}{section*.41}% 39
\BOOKMARK [2][-]{section*.44}{\376\377\060\123\060\214\060\211\060\157\117\125\060\222\060\204\060\143\060\146\060\104\060\213\060\156\060\113}{section*.41}% 40
\BOOKMARK [1][-]{section*.45}{\376\377\142\225\214\307\060\156\117\241\120\044\212\125\117\241\000:\134\006\147\145\000C\000F\060\114\170\272\133\232\166\204\060\152\130\064\124\010}{section*.21}% 41
\BOOKMARK [2][-]{section*.46}{\376\377\117\035\175\161\166\204\060\152\142\225\214\307\212\125\117\241\154\325}{section*.45}% 42
\BOOKMARK [2][-]{section*.47}{\376\377\000N\000P\000V\000\050\153\143\124\163\163\376\127\050\117\241\120\044\000\051\154\325}{section*.45}% 43
\BOOKMARK [2][-]{section*.48}{\376\377\000I\000R\000R\000\050\121\205\220\350\123\316\166\312\163\207\000\051\154\325}{section*.45}% 44
\BOOKMARK [2][-]{section*.49}{\376\377\000I\000R\000R\154\325\060\150\000N\000P\000V\154\325\060\156\225\242\117\302}{section*.45}% 45
\BOOKMARK [2][-]{section*.50}{\376\377\000N\000P\000V\154\325\060\373\000I\000R\000R\154\325\060\147\123\101\122\006\060\113\000?}{section*.45}% 46
\BOOKMARK [1][-]{section*.51}{\376\377\157\024\177\322\125\117\230\114}{section*.21}% 47
\BOOKMARK [0][-]{section*.52}{\376\377\221\321\122\051\060\156\147\037\225\223\151\313\220\040}{}% 48
\BOOKMARK [1][-]{section*.53}{\376\377\147\000\175\102\122\051\126\336\060\212\060\150\120\265\122\070\117\241\150\074}{section*.52}% 49
\BOOKMARK [2][-]{section*.54}{\376\377\212\074\122\070\060\156\163\376\127\050\117\241\120\044\060\150\060\307\060\243\060\271\060\253\060\246\060\363\060\310\060\325\060\241\060\257\060\277\060\374}{section*.53}% 50
\BOOKMARK [2][-]{section*.55}{\376\377\147\000\175\102\122\051\126\336\060\212\060\156\133\232\177\251}{section*.53}% 51
\BOOKMARK [2][-]{section*.56}{\376\377\117\241\150\074\060\113\060\211\147\000\175\102\122\051\126\336\060\212\060\222\154\102\060\201\060\213}{section*.53}% 52
\BOOKMARK [1][-]{section*.57}{\376\377\060\244\060\374\060\353\060\311\060\253\060\374\060\326}{section*.52}% 53
\BOOKMARK [1][-]{section*.58}{\376\377\060\274\060\355\000\050\060\257\060\374\060\335\060\363\000\051\060\373\060\354\060\374\060\310}{section*.52}% 54
\BOOKMARK [2][-]{section*.59}{\376\377\147\000\175\102\122\051\126\336\060\212\060\157\117\177\060\104\226\343\060\104\000?}{section*.58}% 55
\BOOKMARK [2][-]{section*.60}{\376\377\147\037\225\223\060\222\116\343\210\150\060\131\060\213\122\051\126\336\060\212\000:\060\274\060\355\060\354\060\374\060\310}{section*.58}% 56
\BOOKMARK [2][-]{section*.61}{\376\377\060\274\060\355\060\354\060\374\060\310\060\153\060\210\060\213\120\265\122\070\117\241\150\074\212\125\117\241}{section*.58}% 57
\BOOKMARK [2][-]{section*.62}{\376\377\060\274\060\355\060\354\060\374\060\310\060\150\000Y\000T\000M\060\153\060\210\060\213\117\241\150\074\137\017\060\156\153\324\217\003}{section*.58}% 58
\BOOKMARK [2][-]{section*.63}{\376\377\220\043\175\232\211\007\122\051\060\153\060\112\060\121\060\213\122\162\137\025\225\242\145\160}{section*.58}% 59
\BOOKMARK [1][-]{section*.64}{\376\377\060\325\060\251\060\357\060\374\060\311\060\373\060\244\060\374\060\353\060\311}{section*.52}% 60
\BOOKMARK [2][-]{section*.65}{\376\377\060\244\060\374\060\353\060\311}{section*.64}% 61
\BOOKMARK [2][-]{section*.66}{\376\377\220\113\165\050\060\150\220\113\165\050\142\020\147\234}{section*.64}% 62
\BOOKMARK [2][-]{section*.67}{\376\377\060\325\060\251\060\357\060\374\060\311\060\373\060\244\060\374\060\353\060\311}{section*.64}% 63
\BOOKMARK [2][-]{section*.68}{\376\377\163\376\146\102\160\271\060\147\060\325\060\251\060\357\060\374\060\311\060\373\060\244\060\374\060\353\060\311\060\157\170\272\133\232\060\147\060\115\060\213}{section*.64}% 64
\BOOKMARK [2][-]{section*.69}{\376\377\060\244\060\363\060\327\060\351\060\244\060\311\060\373\060\325\060\251\060\357\060\374\060\311\060\373\060\244\060\374\060\353\060\311}{section*.64}% 65
\BOOKMARK [2][-]{section*.70}{\376\377\060\244\060\363\060\327\060\351\060\244\060\311\060\373\060\325\060\251\060\357\060\374\060\311\060\373\060\244\060\374\060\353\060\311\060\156\121\154\137\017\000\050\0001\136\164\211\007\122\051\000\051}{section*.64}% 66
\BOOKMARK [2][-]{section*.71}{\376\377\060\244\060\363\060\327\060\351\060\244\060\311\060\373\060\325\060\251\060\357\060\374\060\311\060\373\060\244\060\374\060\353\060\311\060\156\121\154\137\017\000\050\220\043\175\232\211\007\122\051\000\051}{section*.64}% 67
\BOOKMARK [2][-]{section*.72}{\376\377\122\162\137\025\120\265\117\241\150\074\060\150\060\156\225\242\117\302}{section*.64}% 68
\BOOKMARK [1][-]{section*.76}{\376\377\157\024\177\322\125\117\230\114}{section*.52}% 69
\BOOKMARK [0][-]{section*.77}{\376\377\060\352\060\277\060\374\060\363\000,\060\352\060\271\060\257\060\150\122\271\165\050}{}% 70
\BOOKMARK [1][-]{section*.78}{\376\377\142\225\214\307\123\316\166\312\163\207}{section*.77}% 71
\BOOKMARK [2][-]{section*.79}{\376\377\173\227\210\123\123\316\166\312\163\207}{section*.78}% 72
\BOOKMARK [2][-]{section*.80}{\376\377\133\376\145\160\123\316\166\312\163\207}{section*.78}% 73
\BOOKMARK [2][-]{section*.81}{\376\377\133\376\145\160\123\316\166\312\163\207\060\150\173\227\210\123\123\316\166\312\163\207\060\156\220\125\060\104}{section*.78}% 74
\BOOKMARK [2][-]{section*.82}{\376\377\123\316\166\312\163\207\060\156\122\006\136\003}{section*.78}% 75
\BOOKMARK [1][-]{section*.83}{\376\377\060\352\060\277\060\374\060\363\000,\060\352\060\271\060\257}{section*.77}% 76
\BOOKMARK [2][-]{section*.84}{\376\377\133\232\177\251}{section*.83}% 77
\BOOKMARK [2][-]{section*.85}{\376\377\060\334\060\351\060\306\060\243\060\352\060\306\060\243}{section*.83}% 78
\BOOKMARK [1][-]{section*.86}{\376\377\122\271\165\050\000,\122\271\165\050\225\242\145\160\000,\147\037\137\205\122\271\165\050\123\237\164\006}{section*.77}% 79
\BOOKMARK [2][-]{section*.87}{\376\377\060\151\060\141\060\211\060\222\220\170\060\163\060\176\060\131\060\113\000?}{section*.86}% 80
\BOOKMARK [2][-]{section*.88}{\376\377\060\352\060\271\060\257\126\336\220\177\166\204\142\225\214\307\133\266}{section*.86}% 81
\BOOKMARK [2][-]{section*.89}{\376\377\122\271\165\050\060\150\122\271\165\050\225\242\145\160}{section*.86}% 82
\BOOKMARK [2][-]{section*.90}{\376\377\147\037\137\205\122\271\165\050\123\237\164\006}{section*.86}% 83
\BOOKMARK [2][-]{section*.91}{\376\377\000J\000e\000n\000s\000e\000n\060\156\116\015\173\111\137\017}{section*.86}% 84
\BOOKMARK [2][-]{section*.92}{\376\377\122\271\165\050\225\242\145\160\060\156\121\371\121\370\060\150\060\352\060\271\060\257\220\170\131\175}{section*.86}% 85
\BOOKMARK [2][-]{section*.93}{\376\377\226\120\165\114\122\271\165\050\220\023\156\033\060\156\154\325\122\107}{section*.86}% 86
\BOOKMARK [2][-]{section*.94}{\376\377\060\210\060\117\117\177\060\217\060\214\060\213\060\352\060\271\060\257\126\336\220\177\166\204\060\152\122\271\165\050\225\242\145\160}{section*.86}% 87
\BOOKMARK [1][-]{section*.95}{\376\377\060\352\060\271\060\257\060\373\060\327\060\354\060\337\060\242\060\340}{section*.77}% 88
\BOOKMARK [2][-]{section*.96}{\376\377\060\352\060\271\060\257\060\373\060\327\060\354\060\337\060\242\060\340\060\150\060\157}{section*.95}% 89
\BOOKMARK [2][-]{section*.97}{\376\377\170\272\133\237\140\047\173\111\117\241\123\237\164\006}{section*.95}% 90
\BOOKMARK [2][-]{section*.100}{\376\377\122\271\165\050\225\242\145\160\000,\122\006\136\003\060\156\131\011\143\333\000,\117\241\150\074}{section*.95}% 91
\BOOKMARK [2][-]{section*.101}{\376\377\000S\000h\000a\000r\000p\000e\000\040\000R\000a\000t\000i\000o\000\050\060\267\060\343\060\374\060\327\060\354\060\267\060\252\000\051}{section*.95}% 92
\BOOKMARK [2][-]{section*.102}{\376\377\060\325\060\241\060\363\060\311\060\156\060\321\060\325\060\251\060\374\060\336\060\363\060\271\212\125\117\241}{section*.95}% 93
\BOOKMARK [2][-]{section*.103}{\376\377\060\244\060\363\060\307\060\303\060\257\060\271\000,\060\310\060\351\060\303\060\255\060\363\060\260\060\373\060\250\060\351\060\374\000,\000I\000R}{section*.95}% 94
\BOOKMARK [1][-]{section*.104}{\376\377\157\024\177\322\125\117\230\114}{section*.77}% 95
\BOOKMARK [0][-]{section*.105}{\376\377\163\376\116\343\060\335\060\374\060\310\060\325\060\251\060\352\060\252\164\006\212\326\000\040\000\050\0001\000\051\000:\122\006\145\143\142\225\214\307\060\150\136\163\127\107\122\006\145\143\060\342\060\307\060\353}{}% 96
\BOOKMARK [1][-]{section*.106}{\376\377\142\225\214\307\060\153\060\112\060\121\060\213\146\102\225\223\060\156\143\250\171\373\060\150\123\316\166\312\163\207}{section*.105}% 97
\BOOKMARK [2][-]{section*.107}{\376\377\117\241\150\074\131\011\123\026\060\150\175\104\060\177\146\377\060\110\060\156\200\003\060\110\145\271}{section*.106}% 98
\BOOKMARK [2][-]{section*.108}{\376\377\120\013\122\045\214\307\165\043\060\150\060\335\060\374\060\310\060\325\060\251\060\352\060\252\060\156\123\316\166\312\163\207}{section*.106}% 99
\BOOKMARK [1][-]{section*.109}{\376\377\122\006\145\143\142\225\214\307\122\271\147\234\060\156\117\213}{section*.105}% 100
\BOOKMARK [2][-]{section*.110}{\376\377\060\261\060\374\060\271\0001\000:\162\354\172\313\060\152\123\316\166\312\163\207}{section*.109}% 101
\BOOKMARK [2][-]{section*.111}{\376\377\060\261\060\374\060\271\0002\000:\121\161\220\032\142\020\122\006\060\114\060\102\060\213\123\316\166\312\163\207}{section*.109}% 102
\BOOKMARK [2][-]{section*.112}{\376\377\060\267\060\271\060\306\060\336\060\306\060\243\060\303\060\257\060\373\060\352\060\271\060\257\060\150\060\242\060\363\060\267\060\271\060\306\060\336\060\306\060\243\060\303\060\257\060\373\060\352\060\271\060\257}{section*.109}% 103
\BOOKMARK [1][-]{section*.113}{\376\377\120\013\122\045\214\307\165\043\060\156\123\316\166\312\163\207\060\150\060\335\060\374\060\310\060\325\060\251\060\352\060\252}{section*.105}% 104
\BOOKMARK [2][-]{section*.114}{\376\377\060\261\060\374\060\271\0001\000:\0002\060\144\060\156\060\267\060\312\060\352\060\252}{section*.113}% 105
\BOOKMARK [2][-]{section*.115}{\376\377\060\152\060\134\060\352\060\271\060\257\221\317\060\114\131\011\060\217\060\213\060\156\060\113}{section*.113}% 106
\BOOKMARK [2][-]{section*.116}{\376\377\121\161\122\006\145\143\060\150\166\370\225\242\117\302\145\160}{section*.113}% 107
\BOOKMARK [2][-]{section*.117}{\376\377\060\261\060\374\060\271\0002\000:\0004\060\144\060\156\060\267\060\312\060\352\060\252}{section*.113}% 108
\BOOKMARK [2][-]{section*.118}{\376\377\166\370\225\242\060\150\060\352\060\271\060\257\060\156\225\242\117\302\000:\0002\214\307\165\043\060\147\060\156\170\272\212\215}{section*.113}% 109
\BOOKMARK [2][-]{section*.119}{\376\377\116\000\202\054\060\156\000\040\000n\000\040\214\307\165\043\060\170\060\156\142\341\137\065}{section*.113}% 110
\BOOKMARK [2][-]{section*.120}{\376\377\060\151\060\156\060\335\060\374\060\310\060\325\060\251\060\352\060\252\060\222\220\170\060\166\060\171\060\115\060\113\000:\161\041\135\356\122\045\146\362\175\332}{section*.113}% 111
\BOOKMARK [1][-]{section*.123}{\376\377\210\334\215\263\000:\147\000\134\017\122\006\145\143\060\335\060\374\060\310\060\325\060\251\060\352\060\252\000\050\000M\000a\000r\000k\000o\000w\000i\000t\000z\000\051}{section*.105}% 112
\BOOKMARK [2][-]{section*.124}{\376\377\212\055\133\232}{section*.123}% 113
\BOOKMARK [2][-]{section*.125}{\376\377\147\000\134\017\122\006\145\143\060\335\060\374\060\310\060\325\060\251\060\352\060\252\060\156\134\016\121\372}{section*.123}% 114
\BOOKMARK [2][-]{section*.126}{\376\377\147\000\134\017\122\006\145\143\060\335\060\374\060\310\060\325\060\251\060\352\060\252\060\156\211\343\060\156\141\017\124\163}{section*.123}% 115
\BOOKMARK [2][-]{section*.127}{\376\377\147\000\134\017\122\006\145\143\130\203\165\114}{section*.123}% 116
\BOOKMARK [2][-]{section*.128}{\376\377\131\047\127\337\166\204\147\000\134\017\122\006\145\143\060\335\060\374\060\310\060\325\060\251\060\352\060\252}{section*.123}% 117
\BOOKMARK [2][-]{section*.129}{\376\377\147\000\134\017\122\006\145\143\060\335\060\374\060\310\060\325\060\251\060\352\060\252\060\156\140\047\214\352}{section*.123}% 118
\BOOKMARK [3][-]{section*.130}{\376\377\116\214\214\307\165\043\122\006\226\342\133\232\164\006}{section*.129}% 119
\BOOKMARK [3][-]{section*.131}{\376\377\060\335\060\374\060\310\060\325\060\251\060\352\060\252\225\223\060\156\121\161\122\006\145\143}{section*.129}% 120
\BOOKMARK [3][-]{section*.133}{\376\377\060\274\060\355\060\331\060\374\060\277\060\335\060\374\060\310\060\325\060\251\060\352\060\252}{section*.129}% 121
\BOOKMARK [1][-]{section*.134}{\376\377\157\024\177\322\125\117\230\114}{section*.105}% 122
\BOOKMARK [0][-]{section*.135}{\376\377\163\376\116\343\060\335\060\374\060\310\060\325\060\251\060\352\060\252\164\006\212\326\000\040\000\050\0002\000\051\000:\000M\000a\000r\000k\000o\000w\000i\000t\000z\060\150\000T\000o\000b\000i\000n\060\156\136\163\127\107\122\006\145\143\060\342\060\307\060\353}{}% 123
\BOOKMARK [1][-]{section*.136}{\376\377\136\163\127\107\122\006\145\143\060\342\060\307\060\353\000\040\000\050\0001\000\051\000:\000M\000a\000r\000k\000o\000w\000i\000t\000z\060\156\060\335\060\374\060\310\060\325\060\251\060\352\060\252\220\170\142\236\125\117\230\114}{section*.135}% 124
\BOOKMARK [2][-]{section*.137}{\376\377\0003\214\307\165\043\060\156\142\225\214\307\152\137\117\032\226\306\124\010}{section*.136}% 125
\BOOKMARK [2][-]{section*.138}{\376\377\122\271\163\207\166\204\060\325\060\355\060\363\060\306\060\243\060\242}{section*.136}% 126
\BOOKMARK [2][-]{section*.139}{\376\377\212\030\123\367\060\156\133\232\177\251}{section*.136}% 127
\BOOKMARK [2][-]{section*.140}{\376\377\136\163\127\107\122\006\145\143\060\342\060\307\060\353\060\156\125\117\230\114\212\055\133\232}{section*.136}% 128
\BOOKMARK [2][-]{section*.141}{\376\377\147\000\220\151\060\335\060\374\060\310\060\325\060\251\060\352\060\252\060\156\220\170\142\236}{section*.136}% 129
\BOOKMARK [1][-]{section*.143}{\376\377\136\163\127\107\122\006\145\143\060\342\060\307\060\353\000\040\000\050\0002\000\051\000:\000T\000o\000b\000i\000n\060\156\060\335\060\374\060\310\060\325\060\251\060\352\060\252\220\170\142\236\125\117\230\114}{section*.135}% 130
\BOOKMARK [2][-]{section*.144}{\376\377\161\041\060\352\060\271\060\257\212\074\122\070\060\114\060\102\060\213\130\064\124\010}{section*.143}% 131
\BOOKMARK [2][-]{section*.145}{\376\377\143\245\160\271\060\335\060\374\060\310\060\325\060\251\060\352\060\252}{section*.143}% 132
\BOOKMARK [2][-]{section*.146}{\376\377\122\006\226\342\133\232\164\006}{section*.143}% 133
\BOOKMARK [2][-]{section*.147}{\376\377\000n\000\040\120\013\060\156\060\352\060\271\060\257\140\047\214\307\165\043\000+\161\041\060\352\060\271\060\257\214\307\165\043\060\147\060\156\133\232\137\017\123\026}{section*.143}% 134
\BOOKMARK [1][-]{section*.153}{\376\377\210\334\215\263\000:\147\000\134\017\122\006\145\143\060\335\060\374\060\310\060\325\060\251\060\352\060\252\000\050\000T\000o\000b\000i\000n\000\051}{section*.135}% 135
\BOOKMARK [2][-]{section*.154}{\376\377\212\055\133\232}{section*.153}% 136
\BOOKMARK [2][-]{section*.155}{\376\377\147\000\134\017\122\006\145\143\060\335\060\374\060\310\060\325\060\251\060\352\060\252\060\156\134\016\121\372}{section*.153}% 137
\BOOKMARK [2][-]{section*.156}{\376\377\147\000\134\017\122\006\145\143\130\203\165\114}{section*.153}% 138
\BOOKMARK [2][-]{section*.157}{\376\377\143\245\160\271\060\335\060\374\060\310\060\325\060\251\060\352\060\252\060\156\134\016\121\372}{section*.153}% 139
\BOOKMARK [1][-]{section*.158}{\376\377\210\334\215\263\000:\136\002\130\064\127\107\210\141\060\150\060\274\060\355\060\331\060\374\060\277\000C\000A\000P\000M\000\050\214\307\145\231\0006\210\334\215\263\060\210\060\212\000\051}{section*.135}% 140
\BOOKMARK [0][-]{section*.159}{\376\377\163\376\116\343\060\335\060\374\060\310\060\325\060\251\060\352\060\252\164\006\212\326\000\040\000\050\0003\000\051\000:\000C\000A\000P\000M\060\150\136\002\130\064\060\342\060\307\060\353}{}% 141
\BOOKMARK [1][-]{section*.160}{\376\377\143\245\160\271\060\335\060\374\060\310\060\325\060\251\060\352\060\252\060\156\140\047\214\352}{section*.159}% 142
\BOOKMARK [2][-]{section*.161}{\376\377\116\000\202\054\060\153\142\020\060\212\172\313\060\144\225\242\117\302\137\017}{section*.160}% 143
\BOOKMARK [2][-]{section*.162}{\376\377\143\245\160\271\060\335\060\374\060\310\060\325\060\251\060\352\060\252\060\156\122\006\145\143\060\373\121\161\122\006\145\143\060\156\140\047\214\352}{section*.160}% 144
\BOOKMARK [1][-]{section*.163}{\376\377\000C\000A\000P\000M\000\050\214\307\147\054\214\307\165\043\117\241\150\074\060\342\060\307\060\353\000\051}{section*.159}% 145
\BOOKMARK [2][-]{section*.164}{\376\377\116\356\133\232}{section*.163}% 146
\BOOKMARK [2][-]{section*.165}{\376\377\127\107\210\141\162\266\141\113\116\013\060\156\143\245\160\271\060\335\060\374\060\310\060\325\060\251\060\352\060\252\000=\136\002\130\064\060\335\060\374\060\310\060\325\060\251\060\352\060\252}{section*.163}% 147
\BOOKMARK [2][-]{section*.166}{\376\377\214\307\147\054\136\002\130\064\175\332\000\040\000\050\000C\000M\000L\000\051}{section*.163}% 148
\BOOKMARK [2][-]{section*.167}{\376\377\000C\000A\000P\000M\060\156\225\242\117\302\137\017}{section*.163}% 149
\BOOKMARK [2][-]{section*.169}{\376\377\212\074\122\070\136\002\130\064\175\332\060\150\060\331\060\374\060\277}{section*.163}% 150
\BOOKMARK [2][-]{section*.170}{\376\377\000C\000A\000P\000M\060\156\0002\060\144\060\156\133\232\164\006}{section*.163}% 151
\BOOKMARK [2][-]{section*.171}{\376\377\060\331\060\374\060\277\060\156\143\250\133\232}{section*.163}% 152
\BOOKMARK [2][-]{section*.172}{\376\377\000C\000A\000P\000M\060\150\122\162\232\330\060\373\122\162\133\211\122\006\147\220}{section*.163}% 153
\BOOKMARK [2][-]{section*.173}{\376\377\060\274\060\355\060\331\060\374\060\277\000C\000A\000P\000M\060\170\060\156\116\000\202\054\123\026}{section*.163}% 154
\BOOKMARK [1][-]{section*.174}{\376\377\136\002\130\064\060\342\060\307\060\353\060\150\060\325\060\241\060\257\060\277\060\374}{section*.159}% 155
\BOOKMARK [2][-]{section*.175}{\376\377\136\002\130\064\060\342\060\307\060\353\000,\060\325\060\241\060\257\060\277\060\374\060\342\060\307\060\353}{section*.174}% 156
\BOOKMARK [2][-]{section*.176}{\376\377\136\002\130\064\060\342\060\307\060\353\060\156\133\232\137\017\123\026}{section*.174}% 157
\BOOKMARK [2][-]{section*.177}{\376\377\126\336\136\060\122\006\147\220\060\153\060\210\060\213\060\321\060\351\060\341\060\374\060\277\143\250\133\232}{section*.174}% 158
\BOOKMARK [2][-]{section*.178}{\376\377\000C\000A\000P\000M\060\150\136\002\130\064\060\342\060\307\060\353\060\157\121\150\060\117\220\125\060\106}{section*.174}% 159
\BOOKMARK [2][-]{section*.179}{\376\377\000C\000A\000P\000M\060\156\123\315\117\213\060\150\000F\000a\000m\000a\000-\000F\000r\000e\000n\000c\000h\060\156\0003\060\325\060\241\060\257\060\277\060\374\060\342\060\307\060\353}{section*.174}% 160
\BOOKMARK [2][-]{section*.180}{\376\377\060\325\060\241\060\257\060\277\060\374\142\225\214\307\142\046\165\145}{section*.174}% 161
\BOOKMARK [1][-]{section*.181}{\376\377\060\244\060\363\060\307\060\303\060\257\060\271\220\113\165\050\000,\060\271\060\277\060\244\060\353\220\113\165\050}{section*.159}% 162
\BOOKMARK [2][-]{section*.182}{\376\377\060\244\060\363\060\307\060\303\060\257\060\271\060\373\060\325\060\241\060\363\060\311}{section*.181}% 163
\BOOKMARK [2][-]{section*.183}{\376\377\060\244\060\363\060\307\060\303\060\257\060\271\060\373\060\325\060\241\060\363\060\311\060\156\133\232\137\017\123\026}{section*.181}% 164
\BOOKMARK [2][-]{section*.184}{\376\377\163\376\116\343\060\335\060\374\060\310\060\325\060\251\060\352\060\252\164\006\212\326\060\156\147\000\137\214\060\153}{section*.181}% 165
\BOOKMARK [1][-]{section*.188}{\376\377\157\024\177\322\125\117\230\114}{section*.159}% 166
\BOOKMARK [0][-]{section*.191}{\376\377\060\307\060\352\060\320\060\306\060\243\060\326}{}% 167
\BOOKMARK [1][-]{section*.192}{\376\377\060\307\060\352\060\320\060\306\060\243\060\326\000\050\221\321\207\215\155\076\165\037\125\106\124\301\000\051}{section*.191}% 168
\BOOKMARK [1][-]{section*.193}{\376\377\121\110\156\041\131\121\175\004\060\150\121\110\162\151\131\121\175\004}{section*.191}% 169
\BOOKMARK [2][-]{section*.194}{\376\377\121\110\156\041\131\121\175\004}{section*.193}% 170
\BOOKMARK [2][-]{section*.195}{\376\377\121\110\162\151\131\121\175\004}{section*.193}% 171
\BOOKMARK [1][-]{section*.196}{\376\377\060\271\060\357\060\303\060\327}{section*.191}% 172
\BOOKMARK [2][-]{section*.197}{\376\377\221\321\122\051\060\271\060\357\060\303\060\327}{section*.196}% 173
\BOOKMARK [2][-]{section*.200}{\376\377\220\032\214\250\060\271\060\357\060\303\060\327}{section*.196}% 174
\BOOKMARK [2][-]{section*.201}{\376\377\060\331\060\374\060\267\060\271\060\373\060\271\060\357\060\303\060\327\060\152\060\151}{section*.196}% 175
\BOOKMARK [2][-]{section*.202}{\376\377\060\257\060\354\060\270\060\303\060\310\060\373\060\307\060\325\060\251\060\353\060\310\060\373\060\271\060\357\060\303\060\327\000\050\000C\000D\000S\000\051}{section*.196}% 176
\BOOKMARK [1][-]{section*.203}{\376\377\060\252\060\327\060\267\060\347\060\363}{section*.191}% 177
\BOOKMARK [2][-]{section*.204}{\376\377\060\252\060\327\060\267\060\347\060\363\060\156\117\213}{section*.203}% 178
\BOOKMARK [2][-]{section*.205}{\376\377\060\252\060\327\060\267\060\347\060\363\060\156\133\232\177\251}{section*.203}% 179
\BOOKMARK [2][-]{section*.206}{\376\377\060\263\060\374\060\353\060\150\060\327\060\303\060\310\000,\152\051\122\051\210\114\117\177\145\345}{section*.203}% 180
\BOOKMARK [2][-]{section*.207}{\376\377\000I\000T\000M\000,\000O\000T\000M\000,\000A\000T\000M}{section*.203}% 181
\BOOKMARK [1][-]{section*.208}{\376\377\060\332\060\244\060\252\060\325\060\150\153\143\124\163\144\015\166\312}{section*.191}% 182
\BOOKMARK [2][-]{section*.209}{\376\377\060\332\060\244\060\252\060\325\225\242\145\160}{section*.208}% 183
\BOOKMARK [2][-]{section*.210}{\376\377\153\143\124\163\144\015\166\312}{section*.208}% 184
\BOOKMARK [1][-]{section*.211}{\376\377\060\307\060\352\060\320\060\306\060\243\060\326\060\222\165\050\060\104\060\137\123\326\137\025\142\046\165\145}{section*.191}% 185
\BOOKMARK [2][-]{section*.212}{\376\377\060\330\060\303\060\270}{section*.211}% 186
\BOOKMARK [2][-]{section*.213}{\376\377\060\271\060\327\060\354\060\303\060\311}{section*.211}% 187
\BOOKMARK [2][-]{section*.214}{\376\377\060\263\060\363\060\323\060\315\060\374\060\267\060\347\060\363}{section*.211}% 188
\BOOKMARK [2][-]{section*.215}{\376\377\060\354\060\320\060\354\060\303\060\270\122\271\147\234}{section*.211}% 189
\BOOKMARK [1][-]{section*.216}{\376\377\157\024\177\322\125\117\230\114}{section*.191}% 190
\BOOKMARK [0][-]{section*.217}{\376\377\060\307\060\352\060\320\060\306\060\243\060\326\060\156\117\241\150\074\116\330\060\121\000\040\000\050\0001\000\051\000:\161\041\210\301\133\232\117\241\150\074\060\150\060\342\060\307\060\353\060\325\060\352\060\374\060\152\117\241\150\074\137\017}{}% 191
\BOOKMARK [1][-]{section*.218}{\376\377\210\301\133\232\152\137\117\032\060\150\161\041\210\301\133\232\117\241\150\074}{section*.217}% 192
\BOOKMARK [2][-]{section*.219}{\376\377\221\321\207\215\125\106\124\301\060\156\117\241\150\074\116\330\060\121\060\150\060\157}{section*.218}% 193
\BOOKMARK [2][-]{section*.220}{\376\377\210\301\133\232\152\137\117\032}{section*.218}% 194
\BOOKMARK [2][-]{section*.221}{\376\377\161\041\210\301\133\232\117\241\150\074}{section*.218}% 195
\BOOKMARK [2][-]{section*.222}{\376\377\161\041\210\301\133\232\117\241\150\074\060\156\175\332\137\142\140\047}{section*.218}% 196
\BOOKMARK [2][-]{section*.223}{\376\377\211\007\210\375\060\150\211\007\210\375\060\335\060\374\060\310\060\325\060\251\060\352\060\252}{section*.218}% 197
\BOOKMARK [2][-]{section*.225}{\376\377\201\352\135\361\121\105\215\263\140\047}{section*.218}% 198
\BOOKMARK [1][-]{section*.226}{\376\377\121\110\156\041\117\241\150\074}{section*.217}% 199
\BOOKMARK [2][-]{section*.227}{\376\377\121\110\156\041\131\121\175\004\000\050\121\215\170\272\212\215\000\051}{section*.226}% 200
\BOOKMARK [2][-]{section*.228}{\376\377\121\110\156\041\131\121\175\004\060\156\211\007\210\375\060\335\060\374\060\310\060\325\060\251\060\352\060\252}{section*.226}% 201
\BOOKMARK [2][-]{section*.231}{\376\377\121\110\156\041\117\241\150\074\060\156\134\016\121\372}{section*.226}% 202
\BOOKMARK [1][-]{section*.232}{\376\377\221\321\122\051\060\271\060\357\060\303\060\327\060\156\117\241\150\074\116\330\060\121\060\150\060\271\060\357\060\303\060\327\060\354\060\374\060\310}{section*.217}% 203
\BOOKMARK [2][-]{section*.233}{\376\377\221\321\122\051\060\271\060\357\060\303\060\327\000\050\121\215\170\272\212\215\000\051}{section*.232}% 204
\BOOKMARK [2][-]{section*.234}{\376\377\131\011\122\325\221\321\122\051\060\153\060\210\060\213\120\037\121\145}{section*.232}% 205
\BOOKMARK [2][-]{section*.235}{\376\377\131\011\122\325\142\125\060\150\131\011\122\325\221\321\122\051\060\153\060\210\060\213\120\037\143\333}{section*.232}% 206
\BOOKMARK [2][-]{section*.237}{\376\377\221\321\122\051\060\271\060\357\060\303\060\327\060\156\212\125\117\241}{section*.232}% 207
\BOOKMARK [1][-]{section*.243}{\376\377\157\024\177\322\125\117\230\114}{section*.217}% 208
\BOOKMARK [0][-]{section*.244}{\376\377\060\307\060\352\060\320\060\306\060\243\060\326\060\156\117\241\150\074\116\330\060\121\000\040\000\050\0002\000\051\000:\211\007\210\375\060\150\116\214\230\005\060\342\060\307\060\353}{}% 209
\BOOKMARK [1][-]{section*.245}{\376\377\116\000\147\037\225\223\116\214\230\005\060\342\060\307\060\353}{section*.244}% 210
\BOOKMARK [2][-]{section*.246}{\376\377\212\055\133\232}{section*.245}% 211
\BOOKMARK [2][-]{section*.247}{\376\377\211\007\210\375\060\335\060\374\060\310\060\325\060\251\060\352\060\252\060\156\151\313\142\020}{section*.245}% 212
\BOOKMARK [2][-]{section*.248}{\376\377\161\041\210\301\133\232\117\241\150\074\060\150\060\352\060\271\060\257\116\055\172\313\170\272\163\207}{section*.245}% 213
\BOOKMARK [1][-]{section*.249}{\376\377\145\160\120\044\117\213}{section*.244}% 214
\BOOKMARK [1][-]{section*.252}{\376\377\060\352\060\271\060\257\060\156\136\002\130\064\117\241\150\074\060\150\060\156\225\242\117\302}{section*.244}% 215
\BOOKMARK [1][-]{section*.253}{\376\377\157\024\177\322\125\117\230\114}{section*.244}% 216
\BOOKMARK [0][-]{section*.254}{\376\377\060\307\060\352\060\320\060\306\060\243\060\326\060\156\117\241\150\074\116\330\060\121\000\040\000\050\0003\000\051\000:\131\032\147\037\225\223\116\214\230\005\060\342\060\307\060\353\060\150\060\327\060\303\060\310\060\373\060\263\060\374\060\353\060\373\060\321\060\352\060\306\060\243}{}% 217
\BOOKMARK [1][-]{section*.255}{\376\377\131\032\147\037\225\223\116\214\230\005\060\342\060\307\060\353}{section*.254}% 218
\BOOKMARK [2][-]{section*.256}{\376\377\060\342\060\307\060\353\060\156\212\055\133\232}{section*.255}% 219
\BOOKMARK [2][-]{section*.257}{\376\377\116\214\147\037\225\223\116\214\230\005\060\342\060\307\060\353}{section*.255}% 220
\BOOKMARK [2][-]{section*.261}{\376\377\116\000\202\054\060\156\000\040\000n\000\040\147\037\225\223\060\170\060\156\142\341\137\065}{section*.255}% 221
\BOOKMARK [2][-]{section*.262}{\376\377\000C\000R\000R\060\156\121\154\137\017\000\050\060\263\060\374\060\353\060\373\060\252\060\327\060\267\060\347\060\363\000\051}{section*.255}% 222
\BOOKMARK [2][-]{section*.263}{\376\377\000C\000R\000R\060\156\121\154\137\017\000\050\060\327\060\303\060\310\060\373\060\252\060\327\060\267\060\347\060\363\000\051}{section*.255}% 223
\BOOKMARK [1][-]{section*.264}{\376\377\210\334\215\263\000:\000C\000R\000R\121\154\137\017\060\156\153\143\170\272\060\152\210\150\163\376\000\050\221\315\211\201\000!\000\051}{section*.254}% 224
\BOOKMARK [1][-]{section*.266}{\376\377\060\327\060\303\060\310\060\373\060\263\060\374\060\353\060\373\060\321\060\352\060\306\060\243}{section*.254}% 225
\BOOKMARK [2][-]{section*.267}{\376\377\060\327\060\303\060\310\060\150\060\263\060\374\060\353\060\156\060\332\060\244\060\252\060\325\060\156\225\242\117\302}{section*.266}% 226
\BOOKMARK [2][-]{section*.268}{\376\377\060\327\060\303\060\310\060\252\060\327\060\267\060\347\060\363\060\156\211\007\210\375}{section*.266}% 227
\BOOKMARK [2][-]{section*.269}{\376\377\060\327\060\303\060\310\060\373\060\263\060\374\060\353\060\373\060\321\060\352\060\306\060\243}{section*.266}% 228
\BOOKMARK [1][-]{section*.272}{\376\377\157\024\177\322\125\117\230\114}{section*.254}% 229
\BOOKMARK [0][-]{section*.273}{\376\377\060\326\060\351\060\303\060\257\060\373\060\267\060\347\060\374\060\353\060\272\060\373\060\342\060\307\060\353}{}% 230
\BOOKMARK [1][-]{section*.274}{\376\377\060\326\060\351\060\303\060\257\060\373\060\267\060\347\060\374\060\353\060\272\000\050\000B\000S\000\051\060\342\060\307\060\353}{section*.273}% 231
\BOOKMARK [2][-]{section*.275}{\376\377\122\115\143\320}{section*.274}% 232
\BOOKMARK [2][-]{section*.276}{\376\377\060\342\060\307\060\353\060\156\133\232\137\017\123\026}{section*.274}% 233
\BOOKMARK [2][-]{section*.277}{\376\377\123\130\175\024\060\152\172\115\122\006\060\147\060\157\060\106\060\176\060\117\060\104\060\113\060\152\060\104}{section*.274}% 234
\BOOKMARK [2][-]{section*.278}{\376\377\117\012\205\344\060\156\121\154\137\017}{section*.274}% 235
\BOOKMARK [2][-]{section*.279}{\376\377\133\376\145\160\117\241\150\074\060\156\170\272\163\207\137\256\122\006\145\271\172\013\137\017\060\150\000\040\000S\000\050\000T\000\051\000\040\060\156\122\006\136\003}{section*.274}% 236
\BOOKMARK [1][-]{section*.280}{\376\377\000B\000S\060\342\060\307\060\353\060\153\060\210\060\213\060\252\060\327\060\267\060\347\060\363\117\241\150\074\121\154\137\017\060\156\134\016\121\372}{section*.273}% 237
\BOOKMARK [2][-]{section*.281}{\376\377\145\271\221\335}{section*.280}% 238
\BOOKMARK [2][-]{section*.282}{\376\377\220\043\175\232\146\102\225\223\060\342\060\307\060\353\060\156\060\352\060\271\060\257\116\055\172\313\123\026\154\325}{section*.280}% 239
\BOOKMARK [2][-]{section*.283}{\376\377\060\263\060\374\060\353\060\156\117\241\150\074\137\017\060\156\134\016\121\372}{section*.280}% 240
\BOOKMARK [2][-]{section*.289}{\376\377\000B\000l\000a\000c\000k\000-\000S\000c\000h\000o\000l\000e\000s\060\156\121\154\137\017}{section*.280}% 241
\BOOKMARK [2][-]{section*.291}{\376\377\000B\000S\121\154\137\017\060\153\060\210\060\213\211\007\210\375\060\335\060\374\060\310\060\325\060\251\060\352\060\252}{section*.280}% 242
\BOOKMARK [2][-]{section*.292}{\376\377\147\054\156\220\166\204\117\241\120\044\060\150\146\102\225\223\117\241\120\044}{section*.280}% 243
\BOOKMARK [2][-]{section*.293}{\376\377\000B\000S\121\154\137\017\060\156\143\057\060\213\202\036\060\104}{section*.280}% 244
\BOOKMARK [1][-]{section*.294}{\376\377\060\307\060\352\060\320\060\306\060\243\060\326\060\156\060\352\060\271\060\257\173\241\164\006\000:\060\260\060\352\060\374\060\257\060\271\000\040\000\050\000G\000r\000e\000e\000k\000s\000\051}{section*.273}% 245
\BOOKMARK [2][-]{section*.295}{\376\377\060\352\060\271\060\257\060\330\060\303\060\270\060\150\060\352\060\271\060\257\141\037\137\334\136\246}{section*.294}% 246
\BOOKMARK [2][-]{section*.296}{\376\377\060\260\060\352\060\374\060\257\060\271}{section*.294}% 247
\BOOKMARK [2][-]{section*.297}{\376\377\060\307\060\353\060\277\000\050\000\051\000,\060\254\060\363\060\336\000\050\000\051}{section*.294}% 248
\BOOKMARK [2][-]{section*.298}{\376\377\060\273\060\374\060\277\000\050\000\051}{section*.294}% 249
\BOOKMARK [2][-]{section*.299}{\376\377\060\355\060\374\000\050\000\051\000,\060\331\060\254\000\050\000V\000\051}{section*.294}% 250
\BOOKMARK [1][-]{section*.300}{\376\377\220\032\214\250\060\373\221\321\122\051\060\307\060\352\060\320\060\306\060\243\060\326\060\170\060\156\137\334\165\050}{section*.273}% 251
\BOOKMARK [2][-]{section*.301}{\376\377\220\032\214\250\060\307\060\352\060\320\060\306\060\243\060\326\060\170\060\156\137\334\165\050}{section*.300}% 252
\BOOKMARK [2][-]{section*.302}{\376\377\221\321\122\051\060\307\060\352\060\320\060\306\060\243\060\326\060\170\060\156\137\334\165\050}{section*.300}% 253
\BOOKMARK [1][-]{section*.303}{\376\377\157\024\177\322\125\117\230\114}{section*.273}% 254
